// Jest Snapshot v1, https://goo.gl/fbAQLP

exports[`renders 1`] = `
<input
  className="input-1197536361"
  disabled={undefined}
  onChange={[Function]}
  value=""
/>
`;

exports[`renders 2`] = `
<input
  className="input-1197536361"
  disabled={undefined}
  onChange={[Function]}
  value=""
/>
`;
